<html>
<body>
<pre>
<h1>µVision Build Log</h1>
<h2>Project:</h2>
C:\Users\win 7\OneDrive\Desktop\GPS-Tracking-System\GPS_Tracking_System.uvproj
Project File Date:  06/04/2021

<h2>Output:</h2>
Rebuild target 'Target 1'
assembling startup_TM4C123.s...
compiling main.c...
button_led.h(15): warning:  #1-D: last line of file ends without a newline
  #endif
gps.h(16): warning:  #1-D: last line of file ends without a newline
  #endif
main.c(48): warning:  #177-D: variable "i" was declared but never referenced
  {int i;
main.c(49): warning:  #177-D: variable "state" was declared but never referenced
     unsigned int state;
main.c: 4 warnings, 0 errors
compiling lcd.c...
compiling delay.c...
compiling button_led.c...
button_led.h(15): warning:  #1-D: last line of file ends without a newline
  #endif
button_led.c: 1 warning, 0 errors
compiling gps.c...
gps.h(16): warning:  #1-D: last line of file ends without a newline
  #endif
gps.c: 1 warning, 0 errors
linking...
Program Size: Code=636 RO-data=636 RW-data=0 ZI-data=608  
".\GPS_Tracking_System.axf" - 0 Error(s), 6 Warning(s).
Load "C:\\Users\\win 7\\OneDrive\\Desktop\\GPS-Tracking-System\\GPS_Tracking_System.axf" 
Connecting: Mode=JTAG, Speed=1000000Hz
Erase Done.
Programming Done.
Verify OK.
</pre>
</body>
</html>
eDrive\\Desktop\\GPS-Tracking-System\\GPS_Tracking_System.axf" 
Connecting: Mode=JTAG, Speed=1000000Hz
Erase Done.
Programming Done.
Verify OK.
ad file 'C:\Users\win 7\OneDrive\Desktop\GPS-Tracking-System\GPS_Tracking_System.axf'
